ABB - https://prom-electric.ru/abb-oshibki-rasshifrovka-kodov-neispravnostej-pch/
Allen Bradley - https://prom-electric.ru/allen-bradley-oshibki-rasshifrovka-kodov-neispravnostej-pch/
Danfoss - https://prom-electric.ru/danfoss-oshibki-rasshifrovka-kodov-neispravnostej/
Delta - https://prom-electric.ru/delta-oshibki-rasshifrovka-kodov-neispravnostej/
Delta Servo ASDA-A2 - https://prom-electric.ru/delta-servo-asda-a2-oshibki-rasshifrovka-kodov-neispravnostej-servoprivodov/
ESQ - https://prom-electric.ru/esq-oshibki-rasshifrovka-kodov-neispravnostej-pch/
Hitachi - https://prom-electric.ru/hitachi-oshibki-rasshifrovka-kodov-neispravnostej-pch/
HYUNDAI - https://prom-electric.ru/hyundai-oshibki-rasshifrovka-kodov-neispravnostej-pch/
KEB - https://prom-electric.ru/keb-oshibki-rasshifrovka-kodov-neispravnostej-pch/
Kone - https://prom-electric.ru/kone-oshibki-rasshifrovka-kodov-neispravnostej/
Lenze - https://prom-electric.ru/lenze-oshibki-rasshifrovka-kodov-neispravnostej-pch/
Mitsubishi - https://prom-electric.ru/mitsubishi-oshibki-rasshifrovka-kodov-neispravnostej-pch/
Schneider Electric Telemecanique - https://prom-electric.ru/schneider-electric-telemecanique-altivar-oshibki-rasshifrovka-kodov-neispravnostej/
Siemens - https://prom-electric.ru/siemens-oshibki-preobrazovatelej-chastoty-rasshifrovka-kodov-neispravnostej/
VACON - https://prom-electric.ru/vacon-oshibki-rasshifrovka-kodov-neispravnostej-pch/
YASKAWA - https://prom-electric.ru/yaskawa-oshibki-rasshifrovka-kodov-neispravnostej-pch/
Веспер - https://prom-electric.ru/vesper-oshibki-rasshifrovka-kodov-neispravnostej/
